error: lifetime may not live long enough
  --> $DIR/project-fn-ret-invariant.rs:38:12
   |
LL | fn baz<'a,'b>(x: Type<'a>, y: Type<'b>) -> (Type<'a>, Type<'b>) {
   |        -- -- lifetime `'b` defined here
   |        |
   |        lifetime `'a` defined here
LL |    let f = foo; // <-- No consistent type can be inferred for `f` here.
LL |    let a = bar(f, x);
   |            ^^^^^^^^^ argument requires that `'a` must outlive `'b`

error: lifetime may not live long enough
  --> $DIR/project-fn-ret-invariant.rs:39:12
   |
LL | fn baz<'a,'b>(x: Type<'a>, y: Type<'b>) -> (Type<'a>, Type<'b>) {
   |        -- -- lifetime `'b` defined here
   |        |
   |        lifetime `'a` defined here
...
LL |    let b = bar(f, y);
   |            ^^^^^^^^^ argument requires that `'b` must outlive `'a`

error: aborting due to 2 previous errors

