error: building tests with panic=abort is not yet supported

error: aborting due to previous error

