error: compilation successful
  --> $DIR/hr-subtype.rs:100:1
   |
LL | / fn main() {
LL | |
LL | |
LL | |
LL | |
LL | |
LL | | }
   | |_^

error: aborting due to previous error

