error: compilation successful
  --> $DIR/bound-lifetime-in-return-only.rs:49:1
   |
LL | fn main() { }
   | ^^^^^^^^^^^^^

error: aborting due to previous error

