error: expected one of `!`, `(`, `::`, `;`, or `<`, found `/`
  --> $DIR/removed-syntax-ptr-lifetime.rs:1:22
   |
LL | type bptr = &lifetime/isize;
   |                      ^ expected one of `!`, `(`, `::`, `;`, or `<` here

error: aborting due to previous error

